<?xml version="1.0" encoding="ISO-8859-1" ?>
<link_info>
   <banner>TI ARM Linker PC v18.1.8.LTS</banner>
   <copyright>Copyright (c) 1996-2018 Texas Instruments Incorporated</copyright>
   <link_time>0x5fdd643d</link_time>
   <link_errors>0x0</link_errors>
   <output_file>FreeRTOS_Tiva_CCS.out</output_file>
   <entry_point>
      <name>_c_int00_noargs</name>
      <address>0x41bd</address>
   </entry_point>
   <input_file_list>
      <input_file id="fl-2">
         <path>.\</path>
         <kind>object</kind>
         <file>main.obj</file>
         <name>main.obj</name>
      </input_file>
      <input_file id="fl-3">
         <path>.\</path>
         <kind>object</kind>
         <file>tm4c123gh6pm_startup_ccs.obj</file>
         <name>tm4c123gh6pm_startup_ccs.obj</name>
      </input_file>
      <input_file id="fl-4">
         <path>.\Drivers\LEDS\</path>
         <kind>object</kind>
         <file>LEDS.obj</file>
         <name>LEDS.obj</name>
      </input_file>
      <input_file id="fl-5">
         <path>.\FreeRTOS\</path>
         <kind>object</kind>
         <file>croutine.obj</file>
         <name>croutine.obj</name>
      </input_file>
      <input_file id="fl-6">
         <path>.\FreeRTOS\</path>
         <kind>object</kind>
         <file>event_groups.obj</file>
         <name>event_groups.obj</name>
      </input_file>
      <input_file id="fl-7">
         <path>.\FreeRTOS\</path>
         <kind>object</kind>
         <file>heap_1.obj</file>
         <name>heap_1.obj</name>
      </input_file>
      <input_file id="fl-8">
         <path>.\FreeRTOS\</path>
         <kind>object</kind>
         <file>list.obj</file>
         <name>list.obj</name>
      </input_file>
      <input_file id="fl-9">
         <path>.\FreeRTOS\</path>
         <kind>object</kind>
         <file>queue.obj</file>
         <name>queue.obj</name>
      </input_file>
      <input_file id="fl-a">
         <path>.\FreeRTOS\</path>
         <kind>object</kind>
         <file>stream_buffer.obj</file>
         <name>stream_buffer.obj</name>
      </input_file>
      <input_file id="fl-b">
         <path>.\FreeRTOS\</path>
         <kind>object</kind>
         <file>tasks.obj</file>
         <name>tasks.obj</name>
      </input_file>
      <input_file id="fl-c">
         <path>.\FreeRTOS\</path>
         <kind>object</kind>
         <file>timers.obj</file>
         <name>timers.obj</name>
      </input_file>
      <input_file id="fl-d">
         <path>.\FreeRTOS\portable\CCS\ARM_CM4F\</path>
         <kind>object</kind>
         <file>port.obj</file>
         <name>port.obj</name>
      </input_file>
      <input_file id="fl-e">
         <path>.\FreeRTOS\portable\CCS\ARM_CM4F\</path>
         <kind>object</kind>
         <file>portasm.obj</file>
         <name>portasm.obj</name>
      </input_file>
      <input_file id="fl-f">
         <path>.\Tasks\</path>
         <kind>object</kind>
         <file>led_task.obj</file>
         <name>led_task.obj</name>
      </input_file>
      <input_file id="fl-10">
         <path>.\TivaWare_C_Series\driverlib\</path>
         <kind>object</kind>
         <file>adc.obj</file>
         <name>adc.obj</name>
      </input_file>
      <input_file id="fl-11">
         <path>.\TivaWare_C_Series\driverlib\</path>
         <kind>object</kind>
         <file>aes.obj</file>
         <name>aes.obj</name>
      </input_file>
      <input_file id="fl-12">
         <path>.\TivaWare_C_Series\driverlib\</path>
         <kind>object</kind>
         <file>can.obj</file>
         <name>can.obj</name>
      </input_file>
      <input_file id="fl-13">
         <path>.\TivaWare_C_Series\driverlib\</path>
         <kind>object</kind>
         <file>comp.obj</file>
         <name>comp.obj</name>
      </input_file>
      <input_file id="fl-14">
         <path>.\TivaWare_C_Series\driverlib\</path>
         <kind>object</kind>
         <file>cpu.obj</file>
         <name>cpu.obj</name>
      </input_file>
      <input_file id="fl-15">
         <path>.\TivaWare_C_Series\driverlib\</path>
         <kind>object</kind>
         <file>crc.obj</file>
         <name>crc.obj</name>
      </input_file>
      <input_file id="fl-16">
         <path>.\TivaWare_C_Series\driverlib\</path>
         <kind>object</kind>
         <file>des.obj</file>
         <name>des.obj</name>
      </input_file>
      <input_file id="fl-17">
         <path>.\TivaWare_C_Series\driverlib\</path>
         <kind>object</kind>
         <file>eeprom.obj</file>
         <name>eeprom.obj</name>
      </input_file>
      <input_file id="fl-18">
         <path>.\TivaWare_C_Series\driverlib\</path>
         <kind>object</kind>
         <file>emac.obj</file>
         <name>emac.obj</name>
      </input_file>
      <input_file id="fl-19">
         <path>.\TivaWare_C_Series\driverlib\</path>
         <kind>object</kind>
         <file>epi.obj</file>
         <name>epi.obj</name>
      </input_file>
      <input_file id="fl-1a">
         <path>.\TivaWare_C_Series\driverlib\</path>
         <kind>object</kind>
         <file>epi_workaround_ccs.obj</file>
         <name>epi_workaround_ccs.obj</name>
      </input_file>
      <input_file id="fl-1b">
         <path>.\TivaWare_C_Series\driverlib\</path>
         <kind>object</kind>
         <file>flash.obj</file>
         <name>flash.obj</name>
      </input_file>
      <input_file id="fl-1c">
         <path>.\TivaWare_C_Series\driverlib\</path>
         <kind>object</kind>
         <file>fpu.obj</file>
         <name>fpu.obj</name>
      </input_file>
      <input_file id="fl-1d">
         <path>.\TivaWare_C_Series\driverlib\</path>
         <kind>object</kind>
         <file>gpio.obj</file>
         <name>gpio.obj</name>
      </input_file>
      <input_file id="fl-1e">
         <path>.\TivaWare_C_Series\driverlib\</path>
         <kind>object</kind>
         <file>hibernate.obj</file>
         <name>hibernate.obj</name>
      </input_file>
      <input_file id="fl-1f">
         <path>.\TivaWare_C_Series\driverlib\</path>
         <kind>object</kind>
         <file>i2c.obj</file>
         <name>i2c.obj</name>
      </input_file>
      <input_file id="fl-20">
         <path>.\TivaWare_C_Series\driverlib\</path>
         <kind>object</kind>
         <file>interrupt.obj</file>
         <name>interrupt.obj</name>
      </input_file>
      <input_file id="fl-21">
         <path>.\TivaWare_C_Series\driverlib\</path>
         <kind>object</kind>
         <file>lcd.obj</file>
         <name>lcd.obj</name>
      </input_file>
      <input_file id="fl-22">
         <path>.\TivaWare_C_Series\driverlib\</path>
         <kind>object</kind>
         <file>mpu.obj</file>
         <name>mpu.obj</name>
      </input_file>
      <input_file id="fl-23">
         <path>.\TivaWare_C_Series\driverlib\</path>
         <kind>object</kind>
         <file>onewire.obj</file>
         <name>onewire.obj</name>
      </input_file>
      <input_file id="fl-24">
         <path>.\TivaWare_C_Series\driverlib\</path>
         <kind>object</kind>
         <file>pwm.obj</file>
         <name>pwm.obj</name>
      </input_file>
      <input_file id="fl-25">
         <path>.\TivaWare_C_Series\driverlib\</path>
         <kind>object</kind>
         <file>qei.obj</file>
         <name>qei.obj</name>
      </input_file>
      <input_file id="fl-26">
         <path>.\TivaWare_C_Series\driverlib\</path>
         <kind>object</kind>
         <file>shamd5.obj</file>
         <name>shamd5.obj</name>
      </input_file>
      <input_file id="fl-27">
         <path>.\TivaWare_C_Series\driverlib\</path>
         <kind>object</kind>
         <file>ssi.obj</file>
         <name>ssi.obj</name>
      </input_file>
      <input_file id="fl-28">
         <path>.\TivaWare_C_Series\driverlib\</path>
         <kind>object</kind>
         <file>sw_crc.obj</file>
         <name>sw_crc.obj</name>
      </input_file>
      <input_file id="fl-29">
         <path>.\TivaWare_C_Series\driverlib\</path>
         <kind>object</kind>
         <file>sysctl.obj</file>
         <name>sysctl.obj</name>
      </input_file>
      <input_file id="fl-2a">
         <path>.\TivaWare_C_Series\driverlib\</path>
         <kind>object</kind>
         <file>sysexc.obj</file>
         <name>sysexc.obj</name>
      </input_file>
      <input_file id="fl-2b">
         <path>.\TivaWare_C_Series\driverlib\</path>
         <kind>object</kind>
         <file>systick.obj</file>
         <name>systick.obj</name>
      </input_file>
      <input_file id="fl-2c">
         <path>.\TivaWare_C_Series\driverlib\</path>
         <kind>object</kind>
         <file>timer.obj</file>
         <name>timer.obj</name>
      </input_file>
      <input_file id="fl-2d">
         <path>.\TivaWare_C_Series\driverlib\</path>
         <kind>object</kind>
         <file>uart.obj</file>
         <name>uart.obj</name>
      </input_file>
      <input_file id="fl-2e">
         <path>.\TivaWare_C_Series\driverlib\</path>
         <kind>object</kind>
         <file>udma.obj</file>
         <name>udma.obj</name>
      </input_file>
      <input_file id="fl-2f">
         <path>.\TivaWare_C_Series\driverlib\</path>
         <kind>object</kind>
         <file>usb.obj</file>
         <name>usb.obj</name>
      </input_file>
      <input_file id="fl-30">
         <path>.\TivaWare_C_Series\driverlib\</path>
         <kind>object</kind>
         <file>watchdog.obj</file>
         <name>watchdog.obj</name>
      </input_file>
      <input_file id="fl-39">
         <kind>object</kind>
         <file>&lt;internal&gt;</file>
         <name>&lt;internal&gt;</name>
      </input_file>
      <input_file id="fl-ef">
         <path>C:\tii\ccsv8\tools\compiler\ti-cgt-arm_18.1.8.LTS\lib\</path>
         <kind>archive</kind>
         <file>rtsv7M4_T_le_v4SPD16_eabi.lib</file>
         <name>memcpy_t2.asm.obj</name>
      </input_file>
      <input_file id="fl-f0">
         <path>C:\tii\ccsv8\tools\compiler\ti-cgt-arm_18.1.8.LTS\lib\</path>
         <kind>archive</kind>
         <file>rtsv7M4_T_le_v4SPD16_eabi.lib</file>
         <name>memset_t2.asm.obj</name>
      </input_file>
      <input_file id="fl-f1">
         <path>C:\tii\ccsv8\tools\compiler\ti-cgt-arm_18.1.8.LTS\lib\</path>
         <kind>archive</kind>
         <file>rtsv7M4_T_le_v4SPD16_eabi.lib</file>
         <name>copy_zero_init.c.obj</name>
      </input_file>
      <input_file id="fl-f2">
         <path>C:\tii\ccsv8\tools\compiler\ti-cgt-arm_18.1.8.LTS\lib\</path>
         <kind>archive</kind>
         <file>rtsv7M4_T_le_v4SPD16_eabi.lib</file>
         <name>copy_decompress_none.c.obj</name>
      </input_file>
      <input_file id="fl-f3">
         <path>C:\tii\ccsv8\tools\compiler\ti-cgt-arm_18.1.8.LTS\lib\</path>
         <kind>archive</kind>
         <file>rtsv7M4_T_le_v4SPD16_eabi.lib</file>
         <name>copy_decompress_lzss.c.obj</name>
      </input_file>
      <input_file id="fl-f4">
         <path>C:\tii\ccsv8\tools\compiler\ti-cgt-arm_18.1.8.LTS\lib\</path>
         <kind>archive</kind>
         <file>rtsv7M4_T_le_v4SPD16_eabi.lib</file>
         <name>boot_cortex_m.c.obj</name>
      </input_file>
      <input_file id="fl-f5">
         <path>C:\tii\ccsv8\tools\compiler\ti-cgt-arm_18.1.8.LTS\lib\</path>
         <kind>archive</kind>
         <file>rtsv7M4_T_le_v4SPD16_eabi.lib</file>
         <name>autoinit.c.obj</name>
      </input_file>
      <input_file id="fl-f6">
         <path>C:\tii\ccsv8\tools\compiler\ti-cgt-arm_18.1.8.LTS\lib\</path>
         <kind>archive</kind>
         <file>rtsv7M4_T_le_v4SPD16_eabi.lib</file>
         <name>pre_init.c.obj</name>
      </input_file>
      <input_file id="fl-f7">
         <path>C:\tii\ccsv8\tools\compiler\ti-cgt-arm_18.1.8.LTS\lib\</path>
         <kind>archive</kind>
         <file>rtsv7M4_T_le_v4SPD16_eabi.lib</file>
         <name>cpy_tbl.c.obj</name>
      </input_file>
      <input_file id="fl-f8">
         <path>C:\tii\ccsv8\tools\compiler\ti-cgt-arm_18.1.8.LTS\lib\</path>
         <kind>archive</kind>
         <file>rtsv7M4_T_le_v4SPD16_eabi.lib</file>
         <name>exit.c.obj</name>
      </input_file>
      <input_file id="fl-f9">
         <path>C:\tii\ccsv8\tools\compiler\ti-cgt-arm_18.1.8.LTS\lib\</path>
         <kind>archive</kind>
         <file>rtsv7M4_T_le_v4SPD16_eabi.lib</file>
         <name>_lock.c.obj</name>
      </input_file>
      <input_file id="fl-fa">
         <path>C:\tii\ccsv8\tools\compiler\ti-cgt-arm_18.1.8.LTS\lib\</path>
         <kind>archive</kind>
         <file>rtsv7M4_T_le_v4SPD16_eabi.lib</file>
         <name>args_main.c.obj</name>
      </input_file>
   </input_file_list>
   <object_component_list>
      <object_component id="oc-f">
         <name>.intvecs</name>
         <load_address>0x0</load_address>
         <run_address>0x0</run_address>
         <size>0x26c</size>
         <input_file_ref idref="fl-3"/>
      </object_component>
      <object_component id="oc-7c">
         <name>.text</name>
         <load_address>0x26c</load_address>
         <run_address>0x26c</run_address>
         <size>0x194c</size>
         <input_file_ref idref="fl-b"/>
      </object_component>
      <object_component id="oc-1b1">
         <name>.text</name>
         <load_address>0x1bb8</load_address>
         <run_address>0x1bb8</run_address>
         <size>0xf80</size>
         <input_file_ref idref="fl-29"/>
      </object_component>
      <object_component id="oc-1b7">
         <name>.text</name>
         <load_address>0x2b38</load_address>
         <run_address>0x2b38</run_address>
         <size>0xc14</size>
         <input_file_ref idref="fl-1d"/>
      </object_component>
      <object_component id="oc-1f2">
         <name>.text</name>
         <load_address>0x374c</load_address>
         <run_address>0x374c</run_address>
         <size>0x3c0</size>
         <input_file_ref idref="fl-20"/>
      </object_component>
      <object_component id="oc-2f">
         <name>.text</name>
         <load_address>0x3b0c</load_address>
         <run_address>0x3b0c</run_address>
         <size>0x13c</size>
         <input_file_ref idref="fl-d"/>
      </object_component>
      <object_component id="oc-e1">
         <name>.text</name>
         <load_address>0x3c48</load_address>
         <run_address>0x3c48</run_address>
         <size>0x12a</size>
         <input_file_ref idref="fl-8"/>
      </object_component>
      <object_component id="oc-2a">
         <name>.text</name>
         <load_address>0x3d74</load_address>
         <run_address>0x3d74</run_address>
         <size>0xda</size>
         <input_file_ref idref="fl-e"/>
      </object_component>
      <object_component id="oc-db">
         <name>.text</name>
         <load_address>0x3e50</load_address>
         <run_address>0x3e50</run_address>
         <size>0xb8</size>
         <input_file_ref idref="fl-7"/>
      </object_component>
      <object_component id="oc-12e">
         <name>.text</name>
         <load_address>0x3f08</load_address>
         <run_address>0x3f08</run_address>
         <size>0xb0</size>
         <input_file_ref idref="fl-4"/>
      </object_component>
      <object_component id="oc-43">
         <name>.text</name>
         <load_address>0x3fb8</load_address>
         <run_address>0x3fb8</run_address>
         <size>0x9c</size>
         <input_file_ref idref="fl-ef"/>
      </object_component>
      <object_component id="oc-b3">
         <name>.text</name>
         <load_address>0x4054</load_address>
         <run_address>0x4054</run_address>
         <size>0x7a</size>
         <input_file_ref idref="fl-f0"/>
      </object_component>
      <object_component id="oc-12">
         <name>.text:decompress:lzss:__TI_decompress_lzss</name>
         <load_address>0x40ce</load_address>
         <run_address>0x40ce</run_address>
         <size>0x68</size>
         <input_file_ref idref="fl-f3"/>
      </object_component>
      <object_component id="oc-147">
         <name>.text:__TI_auto_init_nobinit_nopinit:__TI_auto_init_nobinit_nopinit</name>
         <load_address>0x4138</load_address>
         <run_address>0x4138</run_address>
         <size>0x44</size>
         <input_file_ref idref="fl-f5"/>
      </object_component>
      <object_component id="oc-1f8">
         <name>.text</name>
         <load_address>0x417c</load_address>
         <run_address>0x417c</run_address>
         <size>0x3e</size>
         <input_file_ref idref="fl-14"/>
      </object_component>
      <object_component id="oc-61">
         <name>.text:_c_int00_noargs:_c_int00_noargs</name>
         <load_address>0x41bc</load_address>
         <run_address>0x41bc</run_address>
         <size>0x38</size>
         <input_file_ref idref="fl-f4"/>
      </object_component>
      <object_component id="oc-bf">
         <name>.text</name>
         <load_address>0x41f4</load_address>
         <run_address>0x41f4</run_address>
         <size>0x34</size>
         <input_file_ref idref="fl-2"/>
      </object_component>
      <object_component id="oc-18">
         <name>.text:decompress:none:__TI_decompress_none</name>
         <load_address>0x4228</load_address>
         <run_address>0x4228</run_address>
         <size>0xe</size>
         <input_file_ref idref="fl-f2"/>
      </object_component>
      <object_component id="oc-134">
         <name>.text</name>
         <load_address>0x4236</load_address>
         <run_address>0x4236</run_address>
         <size>0xe</size>
         <input_file_ref idref="fl-f"/>
      </object_component>
      <object_component id="oc-55">
         <name>.text:decompress:ZI:__TI_zero_init</name>
         <load_address>0x4244</load_address>
         <run_address>0x4244</run_address>
         <size>0xc</size>
         <input_file_ref idref="fl-f1"/>
      </object_component>
      <object_component id="oc-24">
         <name>.text</name>
         <load_address>0x4250</load_address>
         <run_address>0x4250</run_address>
         <size>0xc</size>
         <input_file_ref idref="fl-3"/>
      </object_component>
      <object_component id="oc-207">
         <name>.text:SysCtlDelay</name>
         <load_address>0x425c</load_address>
         <run_address>0x425c</run_address>
         <size>0x6</size>
         <input_file_ref idref="fl-29"/>
      </object_component>
      <object_component id="oc-b9">
         <name>.text:_system_pre_init</name>
         <load_address>0x4262</load_address>
         <run_address>0x4262</run_address>
         <size>0x4</size>
         <input_file_ref idref="fl-f6"/>
      </object_component>
      <object_component id="oc-13b">
         <name>.text:abort:abort</name>
         <load_address>0x4266</load_address>
         <run_address>0x4266</run_address>
         <size>0x4</size>
         <input_file_ref idref="fl-f8"/>
      </object_component>
      <object_component id="oc-204">
         <name>.const:g_pppui32XTALtoVCO</name>
         <load_address>0x426c</load_address>
         <run_address>0x426c</run_address>
         <size>0x1b0</size>
         <input_file_ref idref="fl-29"/>
      </object_component>
      <object_component id="oc-217">
         <name>.const:g_ppui32GPIOIntMapSnowflake</name>
         <load_address>0x441c</load_address>
         <run_address>0x441c</run_address>
         <size>0xd8</size>
         <input_file_ref idref="fl-1d"/>
      </object_component>
      <object_component id="oc-214">
         <name>.const:g_ppui32GPIOIntMapBlizzard</name>
         <load_address>0x44f4</load_address>
         <run_address>0x44f4</run_address>
         <size>0xc0</size>
         <input_file_ref idref="fl-1d"/>
      </object_component>
      <object_component id="oc-254">
         <name>.const:g_pui32Regs</name>
         <load_address>0x45b4</load_address>
         <run_address>0x45b4</run_address>
         <size>0x9c</size>
         <input_file_ref idref="fl-20"/>
      </object_component>
      <object_component id="oc-21a">
         <name>.const:g_pui32GPIOBaseAddrs</name>
         <load_address>0x4650</load_address>
         <run_address>0x4650</run_address>
         <size>0x90</size>
         <input_file_ref idref="fl-1d"/>
      </object_component>
      <object_component id="oc-1fe">
         <name>.const:g_pui32Xtals</name>
         <load_address>0x46e0</load_address>
         <run_address>0x46e0</run_address>
         <size>0x6c</size>
         <input_file_ref idref="fl-29"/>
      </object_component>
      <object_component id="oc-1ef">
         <name>.const:g_sXTALtoMEMTIM</name>
         <load_address>0x474c</load_address>
         <run_address>0x474c</run_address>
         <size>0x30</size>
         <input_file_ref idref="fl-29"/>
      </object_component>
      <object_component id="oc-251">
         <name>.const:g_pui32Priority</name>
         <load_address>0x477c</load_address>
         <run_address>0x477c</run_address>
         <size>0x20</size>
         <input_file_ref idref="fl-20"/>
      </object_component>
      <object_component id="oc-25a">
         <name>.const:g_pui32Dii16Regs</name>
         <load_address>0x479c</load_address>
         <run_address>0x479c</run_address>
         <size>0x14</size>
         <input_file_ref idref="fl-20"/>
      </object_component>
      <object_component id="oc-257">
         <name>.const:g_pui32EnRegs</name>
         <load_address>0x47b0</load_address>
         <run_address>0x47b0</run_address>
         <size>0x14</size>
         <input_file_ref idref="fl-20"/>
      </object_component>
      <object_component id="oc-25d">
         <name>.const:g_pui32PendRegs</name>
         <load_address>0x47c4</load_address>
         <run_address>0x47c4</run_address>
         <size>0x14</size>
         <input_file_ref idref="fl-20"/>
      </object_component>
      <object_component id="oc-260">
         <name>.const:g_pui32UnpendRegs</name>
         <load_address>0x47d8</load_address>
         <run_address>0x47d8</run_address>
         <size>0x14</size>
         <input_file_ref idref="fl-20"/>
      </object_component>
      <object_component id="oc-201">
         <name>.const:g_pui32VCOFrequencies</name>
         <load_address>0x47ec</load_address>
         <run_address>0x47ec</run_address>
         <size>0x8</size>
         <input_file_ref idref="fl-29"/>
      </object_component>
      <object_component id="oc-79">
         <name>.const</name>
         <load_address>0x47f4</load_address>
         <run_address>0x47f4</run_address>
         <size>0x4</size>
         <input_file_ref idref="fl-d"/>
      </object_component>
      <object_component id="oc-f6">
         <name>.const</name>
         <load_address>0x47f8</load_address>
         <run_address>0x47f8</run_address>
         <size>0x4</size>
         <input_file_ref idref="fl-b"/>
      </object_component>
      <object_component id="oc-2c0">
         <name>__TI_handler_table</name>
         <load_address>0x4800</load_address>
         <run_address>0x4800</run_address>
         <size>0xc</size>
      </object_component>
      <object_component id="oc-2c3">
         <name>.cinit..data.load</name>
         <load_address>0x480c</load_address>
         <run_address>0x480c</run_address>
         <size>0xb</size>
      </object_component>
      <object_component id="oc-2c4">
         <name>.cinit..bss.load</name>
         <load_address>0x4818</load_address>
         <run_address>0x4818</run_address>
         <size>0x8</size>
      </object_component>
      <object_component id="oc-2c2">
         <name>.cinit..vtable.load</name>
         <load_address>0x4820</load_address>
         <run_address>0x4820</run_address>
         <size>0x8</size>
      </object_component>
      <object_component id="oc-2c1">
         <name>__TI_cinit_table</name>
         <load_address>0x4828</load_address>
         <run_address>0x4828</run_address>
         <size>0x18</size>
      </object_component>
      <object_component id="oc-24e">
         <name>.vtable</name>
         <uninitialized>true</uninitialized>
         <run_address>0x20000000</run_address>
         <size>0x26c</size>
         <input_file_ref idref="fl-20"/>
      </object_component>
      <object_component id="oc-18f">
         <name>.data</name>
         <load_address>0x20007b7c</load_address>
         <run_address>0x20007b7c</run_address>
         <size>0x8</size>
         <input_file_ref idref="fl-7"/>
      </object_component>
      <object_component id="oc-76">
         <name>.data</name>
         <load_address>0x20007b48</load_address>
         <run_address>0x20007b48</run_address>
         <size>0x34</size>
         <input_file_ref idref="fl-b"/>
      </object_component>
      <object_component id="oc-83">
         <name>.data</name>
         <load_address>0x20007b84</load_address>
         <run_address>0x20007b84</run_address>
         <size>0x4</size>
         <input_file_ref idref="fl-d"/>
      </object_component>
      <object_component id="oc-192">
         <name>.bss:ucHeap</name>
         <uninitialized>true</uninitialized>
         <run_address>0x2000026c</run_address>
         <size>0x7530</size>
         <input_file_ref idref="fl-7"/>
      </object_component>
      <object_component id="oc-e7">
         <name>.bss:pxReadyTasksLists</name>
         <uninitialized>true</uninitialized>
         <run_address>0x2000779c</run_address>
         <size>0x140</size>
         <input_file_ref idref="fl-b"/>
      </object_component>
      <object_component id="oc-f9">
         <name>.bss:xDelayedTaskList1</name>
         <uninitialized>true</uninitialized>
         <run_address>0x200078dc</run_address>
         <size>0x14</size>
         <input_file_ref idref="fl-b"/>
      </object_component>
      <object_component id="oc-fc">
         <name>.bss:xDelayedTaskList2</name>
         <uninitialized>true</uninitialized>
         <run_address>0x200078f0</run_address>
         <size>0x14</size>
         <input_file_ref idref="fl-b"/>
      </object_component>
      <object_component id="oc-ed">
         <name>.bss</name>
         <uninitialized>true</uninitialized>
         <run_address>0x20007940</run_address>
         <size>0x8</size>
         <input_file_ref idref="fl-b"/>
      </object_component>
      <object_component id="oc-f3">
         <name>.bss:xPendingReadyList</name>
         <uninitialized>true</uninitialized>
         <run_address>0x20007904</run_address>
         <size>0x14</size>
         <input_file_ref idref="fl-b"/>
      </object_component>
      <object_component id="oc-ea">
         <name>.bss:xTasksWaitingTermination</name>
         <uninitialized>true</uninitialized>
         <run_address>0x2000792c</run_address>
         <size>0x14</size>
         <input_file_ref idref="fl-b"/>
      </object_component>
      <object_component id="oc-f0">
         <name>.bss:xSuspendedTaskList</name>
         <uninitialized>true</uninitialized>
         <run_address>0x20007918</run_address>
         <size>0x14</size>
         <input_file_ref idref="fl-b"/>
      </object_component>
      <object_component id="oc-21">
         <name>.stack</name>
         <uninitialized>true</uninitialized>
         <run_address>0x20007948</run_address>
         <size>0x4</size>
         <input_file_ref idref="fl-f4"/>
      </object_component>
      <object_component id="oc-2c5">
         <name>.stack</name>
         <uninitialized>true</uninitialized>
         <run_address>0x20007948</run_address>
         <size>0x0</size>
      </object_component>
      <object_component id="oc-118">
         <name>.debug_info</name>
         <load_address>0x0</load_address>
         <run_address>0x0</run_address>
         <size>0x448</size>
         <input_file_ref idref="fl-2"/>
      </object_component>
      <object_component id="oc-c0">
         <name>.debug_info</name>
         <load_address>0x448</load_address>
         <run_address>0x448</run_address>
         <size>0x137</size>
         <input_file_ref idref="fl-2"/>
      </object_component>
      <object_component id="oc-1ac">
         <name>.debug_info</name>
         <load_address>0x57f</load_address>
         <run_address>0x57f</run_address>
         <size>0x315</size>
         <input_file_ref idref="fl-2"/>
      </object_component>
      <object_component id="oc-94">
         <name>.debug_info</name>
         <load_address>0x894</load_address>
         <run_address>0x894</run_address>
         <size>0x26b</size>
         <input_file_ref idref="fl-2"/>
      </object_component>
      <object_component id="oc-113">
         <name>.debug_info</name>
         <load_address>0xaff</load_address>
         <run_address>0xaff</run_address>
         <size>0x461</size>
         <input_file_ref idref="fl-2"/>
      </object_component>
      <object_component id="oc-3e">
         <name>.debug_info</name>
         <load_address>0xf60</load_address>
         <run_address>0xf60</run_address>
         <size>0x84</size>
         <input_file_ref idref="fl-2"/>
      </object_component>
      <object_component id="oc-88">
         <name>.debug_info</name>
         <load_address>0xfe4</load_address>
         <run_address>0xfe4</run_address>
         <size>0x2c</size>
         <input_file_ref idref="fl-2"/>
      </object_component>
      <object_component id="oc-119">
         <name>.debug_info</name>
         <load_address>0x1010</load_address>
         <run_address>0x1010</run_address>
         <size>0x297</size>
         <input_file_ref idref="fl-2"/>
      </object_component>
      <object_component id="oc-209">
         <name>.debug_info</name>
         <load_address>0x12a7</load_address>
         <run_address>0x12a7</run_address>
         <size>0xef</size>
         <input_file_ref idref="fl-2"/>
      </object_component>
      <object_component id="oc-99">
         <name>.debug_info</name>
         <load_address>0x1396</load_address>
         <run_address>0x1396</run_address>
         <size>0xbb</size>
         <input_file_ref idref="fl-2"/>
      </object_component>
      <object_component id="oc-104">
         <name>.debug_info</name>
         <load_address>0x1451</load_address>
         <run_address>0x1451</run_address>
         <size>0x53</size>
         <input_file_ref idref="fl-2"/>
      </object_component>
      <object_component id="oc-8d">
         <name>.debug_info</name>
         <load_address>0x14a4</load_address>
         <run_address>0x14a4</run_address>
         <size>0x53</size>
         <input_file_ref idref="fl-2"/>
      </object_component>
      <object_component id="oc-10e">
         <name>.debug_info</name>
         <load_address>0x14f7</load_address>
         <run_address>0x14f7</run_address>
         <size>0x14c</size>
         <input_file_ref idref="fl-2"/>
      </object_component>
      <object_component id="oc-37">
         <name>.debug_info</name>
         <load_address>0x1643</load_address>
         <run_address>0x1643</run_address>
         <size>0x323</size>
         <input_file_ref idref="fl-3"/>
      </object_component>
      <object_component id="oc-10">
         <name>.debug_info</name>
         <load_address>0x1966</load_address>
         <run_address>0x1966</run_address>
         <size>0xe2</size>
         <input_file_ref idref="fl-3"/>
      </object_component>
      <object_component id="oc-25">
         <name>.debug_info</name>
         <load_address>0x1a48</load_address>
         <run_address>0x1a48</run_address>
         <size>0x25e</size>
         <input_file_ref idref="fl-3"/>
      </object_component>
      <object_component id="oc-130">
         <name>.debug_info</name>
         <load_address>0x1ca6</load_address>
         <run_address>0x1ca6</run_address>
         <size>0x5bd</size>
         <input_file_ref idref="fl-4"/>
      </object_component>
      <object_component id="oc-20e">
         <name>.debug_info</name>
         <load_address>0x2263</load_address>
         <run_address>0x2263</run_address>
         <size>0x8b</size>
         <input_file_ref idref="fl-4"/>
      </object_component>
      <object_component id="oc-1a9">
         <name>.debug_info</name>
         <load_address>0x22ee</load_address>
         <run_address>0x22ee</run_address>
         <size>0x1ed</size>
         <input_file_ref idref="fl-5"/>
      </object_component>
      <object_component id="oc-109">
         <name>.debug_info</name>
         <load_address>0x24db</load_address>
         <run_address>0x24db</run_address>
         <size>0x315</size>
         <input_file_ref idref="fl-5"/>
      </object_component>
      <object_component id="oc-1ea">
         <name>.debug_info</name>
         <load_address>0x27f0</load_address>
         <run_address>0x27f0</run_address>
         <size>0xcc</size>
         <input_file_ref idref="fl-5"/>
      </object_component>
      <object_component id="oc-1df">
         <name>.debug_info</name>
         <load_address>0x28bc</load_address>
         <run_address>0x28bc</run_address>
         <size>0x63d</size>
         <input_file_ref idref="fl-6"/>
      </object_component>
      <object_component id="oc-180">
         <name>.debug_info</name>
         <load_address>0x2ef9</load_address>
         <run_address>0x2ef9</run_address>
         <size>0x110</size>
         <input_file_ref idref="fl-6"/>
      </object_component>
      <object_component id="oc-18a">
         <name>.debug_info</name>
         <load_address>0x3009</load_address>
         <run_address>0x3009</run_address>
         <size>0x461</size>
         <input_file_ref idref="fl-6"/>
      </object_component>
      <object_component id="oc-242">
         <name>.debug_info</name>
         <load_address>0x346a</load_address>
         <run_address>0x346a</run_address>
         <size>0x76</size>
         <input_file_ref idref="fl-6"/>
      </object_component>
      <object_component id="oc-247">
         <name>.debug_info</name>
         <load_address>0x34e0</load_address>
         <run_address>0x34e0</run_address>
         <size>0x39</size>
         <input_file_ref idref="fl-6"/>
      </object_component>
      <object_component id="oc-17b">
         <name>.debug_info</name>
         <load_address>0x3519</load_address>
         <run_address>0x3519</run_address>
         <size>0x4f</size>
         <input_file_ref idref="fl-6"/>
      </object_component>
      <object_component id="oc-196">
         <name>.debug_info</name>
         <load_address>0x3568</load_address>
         <run_address>0x3568</run_address>
         <size>0x3fc</size>
         <input_file_ref idref="fl-7"/>
      </object_component>
      <object_component id="oc-193">
         <name>.debug_info</name>
         <load_address>0x3964</load_address>
         <run_address>0x3964</run_address>
         <size>0xcc</size>
         <input_file_ref idref="fl-7"/>
      </object_component>
      <object_component id="oc-190">
         <name>.debug_info</name>
         <load_address>0x3a30</load_address>
         <run_address>0x3a30</run_address>
         <size>0xda</size>
         <input_file_ref idref="fl-7"/>
      </object_component>
      <object_component id="oc-de">
         <name>.debug_info</name>
         <load_address>0x3b0a</load_address>
         <run_address>0x3b0a</run_address>
         <size>0x32a</size>
         <input_file_ref idref="fl-7"/>
      </object_component>
      <object_component id="oc-198">
         <name>.debug_info</name>
         <load_address>0x3e34</load_address>
         <run_address>0x3e34</run_address>
         <size>0x374</size>
         <input_file_ref idref="fl-8"/>
      </object_component>
      <object_component id="oc-e3">
         <name>.debug_info</name>
         <load_address>0x41a8</load_address>
         <run_address>0x41a8</run_address>
         <size>0x49e</size>
         <input_file_ref idref="fl-8"/>
      </object_component>
      <object_component id="oc-125">
         <name>.debug_info</name>
         <load_address>0x4646</load_address>
         <run_address>0x4646</run_address>
         <size>0x2c</size>
         <input_file_ref idref="fl-a"/>
      </object_component>
      <object_component id="oc-d3">
         <name>.debug_info</name>
         <load_address>0x4672</load_address>
         <run_address>0x4672</run_address>
         <size>0x76c</size>
         <input_file_ref idref="fl-b"/>
      </object_component>
      <object_component id="oc-77">
         <name>.debug_info</name>
         <load_address>0x4dde</load_address>
         <run_address>0x4dde</run_address>
         <size>0x339</size>
         <input_file_ref idref="fl-b"/>
      </object_component>
      <object_component id="oc-e8">
         <name>.debug_info</name>
         <load_address>0x5117</load_address>
         <run_address>0x5117</run_address>
         <size>0xe2</size>
         <input_file_ref idref="fl-b"/>
      </object_component>
      <object_component id="oc-fa">
         <name>.debug_info</name>
         <load_address>0x51f9</load_address>
         <run_address>0x51f9</run_address>
         <size>0xe2</size>
         <input_file_ref idref="fl-b"/>
      </object_component>
      <object_component id="oc-fd">
         <name>.debug_info</name>
         <load_address>0x52db</load_address>
         <run_address>0x52db</run_address>
         <size>0xe2</size>
         <input_file_ref idref="fl-b"/>
      </object_component>
      <object_component id="oc-ee">
         <name>.debug_info</name>
         <load_address>0x53bd</load_address>
         <run_address>0x53bd</run_address>
         <size>0x125</size>
         <input_file_ref idref="fl-b"/>
      </object_component>
      <object_component id="oc-f4">
         <name>.debug_info</name>
         <load_address>0x54e2</load_address>
         <run_address>0x54e2</run_address>
         <size>0xe2</size>
         <input_file_ref idref="fl-b"/>
      </object_component>
      <object_component id="oc-eb">
         <name>.debug_info</name>
         <load_address>0x55c4</load_address>
         <run_address>0x55c4</run_address>
         <size>0xf0</size>
         <input_file_ref idref="fl-b"/>
      </object_component>
      <object_component id="oc-f1">
         <name>.debug_info</name>
         <load_address>0x56b4</load_address>
         <run_address>0x56b4</run_address>
         <size>0xe4</size>
         <input_file_ref idref="fl-b"/>
      </object_component>
      <object_component id="oc-f7">
         <name>.debug_info</name>
         <load_address>0x5798</load_address>
         <run_address>0x5798</run_address>
         <size>0xe3</size>
         <input_file_ref idref="fl-b"/>
      </object_component>
      <object_component id="oc-7f">
         <name>.debug_info</name>
         <load_address>0x587b</load_address>
         <run_address>0x587b</run_address>
         <size>0x4cfe</size>
         <input_file_ref idref="fl-b"/>
      </object_component>
      <object_component id="oc-d4">
         <name>.debug_info</name>
         <load_address>0xa579</load_address>
         <run_address>0xa579</run_address>
         <size>0x30c</size>
         <input_file_ref idref="fl-b"/>
      </object_component>
      <object_component id="oc-185">
         <name>.debug_info</name>
         <load_address>0xa885</load_address>
         <run_address>0xa885</run_address>
         <size>0x144</size>
         <input_file_ref idref="fl-b"/>
      </object_component>
      <object_component id="oc-87">
         <name>.debug_info</name>
         <load_address>0xa9c9</load_address>
         <run_address>0xa9c9</run_address>
         <size>0x40a</size>
         <input_file_ref idref="fl-d"/>
      </object_component>
      <object_component id="oc-7a">
         <name>.debug_info</name>
         <load_address>0xadd3</load_address>
         <run_address>0xadd3</run_address>
         <size>0x10f</size>
         <input_file_ref idref="fl-d"/>
      </object_component>
      <object_component id="oc-84">
         <name>.debug_info</name>
         <load_address>0xaee2</load_address>
         <run_address>0xaee2</run_address>
         <size>0xf6</size>
         <input_file_ref idref="fl-d"/>
      </object_component>
      <object_component id="oc-30">
         <name>.debug_info</name>
         <load_address>0xafd8</load_address>
         <run_address>0xafd8</run_address>
         <size>0x6a6</size>
         <input_file_ref idref="fl-d"/>
      </object_component>
      <object_component id="oc-2b">
         <name>.debug_info</name>
         <load_address>0xb67e</load_address>
         <run_address>0xb67e</run_address>
         <size>0x247</size>
         <input_file_ref idref="fl-e"/>
      </object_component>
      <object_component id="oc-135">
         <name>.debug_info</name>
         <load_address>0xb8c5</load_address>
         <run_address>0xb8c5</run_address>
         <size>0x127</size>
         <input_file_ref idref="fl-f"/>
      </object_component>
      <object_component id="oc-1f9">
         <name>.debug_info</name>
         <load_address>0xb9ec</load_address>
         <run_address>0xb9ec</run_address>
         <size>0x419</size>
         <input_file_ref idref="fl-14"/>
      </object_component>
      <object_component id="oc-21e">
         <name>.debug_info</name>
         <load_address>0xbe05</load_address>
         <run_address>0xbe05</run_address>
         <size>0x365</size>
         <input_file_ref idref="fl-1d"/>
      </object_component>
      <object_component id="oc-215">
         <name>.debug_info</name>
         <load_address>0xc16a</load_address>
         <run_address>0xc16a</run_address>
         <size>0x105</size>
         <input_file_ref idref="fl-1d"/>
      </object_component>
      <object_component id="oc-218">
         <name>.debug_info</name>
         <load_address>0xc26f</load_address>
         <run_address>0xc26f</run_address>
         <size>0x107</size>
         <input_file_ref idref="fl-1d"/>
      </object_component>
      <object_component id="oc-21b">
         <name>.debug_info</name>
         <load_address>0xc376</load_address>
         <run_address>0xc376</run_address>
         <size>0xf9</size>
         <input_file_ref idref="fl-1d"/>
      </object_component>
      <object_component id="oc-1b8">
         <name>.debug_info</name>
         <load_address>0xc46f</load_address>
         <run_address>0xc46f</run_address>
         <size>0x38f6</size>
         <input_file_ref idref="fl-1d"/>
      </object_component>
      <object_component id="oc-264">
         <name>.debug_info</name>
         <load_address>0xfd65</load_address>
         <run_address>0xfd65</run_address>
         <size>0x342</size>
         <input_file_ref idref="fl-20"/>
      </object_component>
      <object_component id="oc-252">
         <name>.debug_info</name>
         <load_address>0x100a7</load_address>
         <run_address>0x100a7</run_address>
         <size>0xf4</size>
         <input_file_ref idref="fl-20"/>
      </object_component>
      <object_component id="oc-255">
         <name>.debug_info</name>
         <load_address>0x1019b</load_address>
         <run_address>0x1019b</run_address>
         <size>0xec</size>
         <input_file_ref idref="fl-20"/>
      </object_component>
      <object_component id="oc-258">
         <name>.debug_info</name>
         <load_address>0x10287</load_address>
         <run_address>0x10287</run_address>
         <size>0xf0</size>
         <input_file_ref idref="fl-20"/>
      </object_component>
      <object_component id="oc-25b">
         <name>.debug_info</name>
         <load_address>0x10377</load_address>
         <run_address>0x10377</run_address>
         <size>0xf6</size>
         <input_file_ref idref="fl-20"/>
      </object_component>
      <object_component id="oc-25e">
         <name>.debug_info</name>
         <load_address>0x1046d</load_address>
         <run_address>0x1046d</run_address>
         <size>0xf4</size>
         <input_file_ref idref="fl-20"/>
      </object_component>
      <object_component id="oc-261">
         <name>.debug_info</name>
         <load_address>0x10561</load_address>
         <run_address>0x10561</run_address>
         <size>0xf8</size>
         <input_file_ref idref="fl-20"/>
      </object_component>
      <object_component id="oc-24f">
         <name>.debug_info</name>
         <load_address>0x10659</load_address>
         <run_address>0x10659</run_address>
         <size>0xf5</size>
         <input_file_ref idref="fl-20"/>
      </object_component>
      <object_component id="oc-1f3">
         <name>.debug_info</name>
         <load_address>0x1074e</load_address>
         <run_address>0x1074e</run_address>
         <size>0xf59</size>
         <input_file_ref idref="fl-20"/>
      </object_component>
      <object_component id="oc-213">
         <name>.debug_info</name>
         <load_address>0x116a7</load_address>
         <run_address>0x116a7</run_address>
         <size>0x3c7</size>
         <input_file_ref idref="fl-29"/>
      </object_component>
      <object_component id="oc-1ff">
         <name>.debug_info</name>
         <load_address>0x11a6e</load_address>
         <run_address>0x11a6e</run_address>
         <size>0xeb</size>
         <input_file_ref idref="fl-29"/>
      </object_component>
      <object_component id="oc-205">
         <name>.debug_info</name>
         <load_address>0x11b59</load_address>
         <run_address>0x11b59</run_address>
         <size>0xf7</size>
         <input_file_ref idref="fl-29"/>
      </object_component>
      <object_component id="oc-1f0">
         <name>.debug_info</name>
         <load_address>0x11c50</load_address>
         <run_address>0x11c50</run_address>
         <size>0xf1</size>
         <input_file_ref idref="fl-29"/>
      </object_component>
      <object_component id="oc-202">
         <name>.debug_info</name>
         <load_address>0x11d41</load_address>
         <run_address>0x11d41</run_address>
         <size>0xfe</size>
         <input_file_ref idref="fl-29"/>
      </object_component>
      <object_component id="oc-1b3">
         <name>.debug_info</name>
         <load_address>0x11e3f</load_address>
         <run_address>0x11e3f</run_address>
         <size>0x333f</size>
         <input_file_ref idref="fl-29"/>
      </object_component>
      <object_component id="oc-26e">
         <name>.debug_info</name>
         <load_address>0x1517e</load_address>
         <run_address>0x1517e</run_address>
         <size>0x51</size>
         <input_file_ref idref="fl-29"/>
      </object_component>
      <object_component id="oc-45">
         <name>.debug_info</name>
         <load_address>0x151cf</load_address>
         <run_address>0x151cf</run_address>
         <size>0x119</size>
         <input_file_ref idref="fl-ef"/>
      </object_component>
      <object_component id="oc-b4">
         <name>.debug_info</name>
         <load_address>0x152e8</load_address>
         <run_address>0x152e8</run_address>
         <size>0x147</size>
         <input_file_ref idref="fl-f0"/>
      </object_component>
      <object_component id="oc-b2">
         <name>.debug_info</name>
         <load_address>0x1542f</load_address>
         <run_address>0x1542f</run_address>
         <size>0x31b</size>
         <input_file_ref idref="fl-f1"/>
      </object_component>
      <object_component id="oc-56">
         <name>.debug_info</name>
         <load_address>0x1574a</load_address>
         <run_address>0x1574a</run_address>
         <size>0x1b2</size>
         <input_file_ref idref="fl-f1"/>
      </object_component>
      <object_component id="oc-ad">
         <name>.debug_info</name>
         <load_address>0x158fc</load_address>
         <run_address>0x158fc</run_address>
         <size>0x46</size>
         <input_file_ref idref="fl-f1"/>
      </object_component>
      <object_component id="oc-4e">
         <name>.debug_info</name>
         <load_address>0x15942</load_address>
         <run_address>0x15942</run_address>
         <size>0x2a5</size>
         <input_file_ref idref="fl-f2"/>
      </object_component>
      <object_component id="oc-19">
         <name>.debug_info</name>
         <load_address>0x15be7</load_address>
         <run_address>0x15be7</run_address>
         <size>0x1e7</size>
         <input_file_ref idref="fl-f2"/>
      </object_component>
      <object_component id="oc-49">
         <name>.debug_info</name>
         <load_address>0x15dce</load_address>
         <run_address>0x15dce</run_address>
         <size>0x46</size>
         <input_file_ref idref="fl-f2"/>
      </object_component>
      <object_component id="oc-a5">
         <name>.debug_info</name>
         <load_address>0x15e14</load_address>
         <run_address>0x15e14</run_address>
         <size>0x2c</size>
         <input_file_ref idref="fl-f2"/>
      </object_component>
      <object_component id="oc-a3">
         <name>.debug_info</name>
         <load_address>0x15e40</load_address>
         <run_address>0x15e40</run_address>
         <size>0x29b</size>
         <input_file_ref idref="fl-f3"/>
      </object_component>
      <object_component id="oc-13">
         <name>.debug_info</name>
         <load_address>0x160db</load_address>
         <run_address>0x160db</run_address>
         <size>0x24d</size>
         <input_file_ref idref="fl-f3"/>
      </object_component>
      <object_component id="oc-39">
         <name>.debug_info</name>
         <load_address>0x16328</load_address>
         <run_address>0x16328</run_address>
         <size>0x60</size>
         <input_file_ref idref="fl-f3"/>
      </object_component>
      <object_component id="oc-11e">
         <name>.debug_info</name>
         <load_address>0x16388</load_address>
         <run_address>0x16388</run_address>
         <size>0x46</size>
         <input_file_ref idref="fl-f3"/>
      </object_component>
      <object_component id="oc-9e">
         <name>.debug_info</name>
         <load_address>0x163ce</load_address>
         <run_address>0x163ce</run_address>
         <size>0x39</size>
         <input_file_ref idref="fl-f3"/>
      </object_component>
      <object_component id="oc-22">
         <name>.debug_info</name>
         <load_address>0x16407</load_address>
         <run_address>0x16407</run_address>
         <size>0x108</size>
         <input_file_ref idref="fl-f4"/>
      </object_component>
      <object_component id="oc-62">
         <name>.debug_info</name>
         <load_address>0x1650f</load_address>
         <run_address>0x1650f</run_address>
         <size>0x1ac</size>
         <input_file_ref idref="fl-f4"/>
      </object_component>
      <object_component id="oc-1ca">
         <name>.debug_info</name>
         <load_address>0x166bb</load_address>
         <run_address>0x166bb</run_address>
         <size>0x54f</size>
         <input_file_ref idref="fl-f5"/>
      </object_component>
      <object_component id="oc-148">
         <name>.debug_info</name>
         <load_address>0x16c0a</load_address>
         <run_address>0x16c0a</run_address>
         <size>0x1a3</size>
         <input_file_ref idref="fl-f5"/>
      </object_component>
      <object_component id="oc-22f">
         <name>.debug_info</name>
         <load_address>0x16dad</load_address>
         <run_address>0x16dad</run_address>
         <size>0x39</size>
         <input_file_ref idref="fl-f5"/>
      </object_component>
      <object_component id="oc-27d">
         <name>.debug_info</name>
         <load_address>0x16de6</load_address>
         <run_address>0x16de6</run_address>
         <size>0x39</size>
         <input_file_ref idref="fl-f5"/>
      </object_component>
      <object_component id="oc-234">
         <name>.debug_info</name>
         <load_address>0x16e1f</load_address>
         <run_address>0x16e1f</run_address>
         <size>0x39</size>
         <input_file_ref idref="fl-f5"/>
      </object_component>
      <object_component id="oc-239">
         <name>.debug_info</name>
         <load_address>0x16e58</load_address>
         <run_address>0x16e58</run_address>
         <size>0xcd</size>
         <input_file_ref idref="fl-f5"/>
      </object_component>
      <object_component id="oc-bc">
         <name>.debug_info</name>
         <load_address>0x16f25</load_address>
         <run_address>0x16f25</run_address>
         <size>0x150</size>
         <input_file_ref idref="fl-f6"/>
      </object_component>
      <object_component id="oc-13c">
         <name>.debug_info</name>
         <load_address>0x17075</load_address>
         <run_address>0x17075</run_address>
         <size>0x11f</size>
         <input_file_ref idref="fl-f8"/>
      </object_component>
      <object_component id="oc-2c6">
         <name>.debug_info</name>
         <load_address>0x17194</load_address>
         <run_address>0x17194</run_address>
         <size>0x98</size>
      </object_component>
      <object_component id="oc-1ab">
         <name>.debug_line</name>
         <load_address>0x0</load_address>
         <run_address>0x0</run_address>
         <size>0xd5</size>
         <input_file_ref idref="fl-2"/>
      </object_component>
      <object_component id="oc-c4">
         <name>.debug_line</name>
         <load_address>0xd5</load_address>
         <run_address>0xd5</run_address>
         <size>0x45</size>
         <input_file_ref idref="fl-2"/>
      </object_component>
      <object_component id="oc-1af">
         <name>.debug_line</name>
         <load_address>0x11a</load_address>
         <run_address>0x11a</run_address>
         <size>0x5f</size>
         <input_file_ref idref="fl-2"/>
      </object_component>
      <object_component id="oc-97">
         <name>.debug_line</name>
         <load_address>0x179</load_address>
         <run_address>0x179</run_address>
         <size>0x6a</size>
         <input_file_ref idref="fl-2"/>
      </object_component>
      <object_component id="oc-116">
         <name>.debug_line</name>
         <load_address>0x1e3</load_address>
         <run_address>0x1e3</run_address>
         <size>0x63</size>
         <input_file_ref idref="fl-2"/>
      </object_component>
      <object_component id="oc-41">
         <name>.debug_line</name>
         <load_address>0x246</load_address>
         <run_address>0x246</run_address>
         <size>0x20</size>
         <input_file_ref idref="fl-2"/>
      </object_component>
      <object_component id="oc-8b">
         <name>.debug_line</name>
         <load_address>0x266</load_address>
         <run_address>0x266</run_address>
         <size>0x63</size>
         <input_file_ref idref="fl-2"/>
      </object_component>
      <object_component id="oc-11c">
         <name>.debug_line</name>
         <load_address>0x2c9</load_address>
         <run_address>0x2c9</run_address>
         <size>0x6e</size>
         <input_file_ref idref="fl-2"/>
      </object_component>
      <object_component id="oc-20c">
         <name>.debug_line</name>
         <load_address>0x337</load_address>
         <run_address>0x337</run_address>
         <size>0x6a</size>
         <input_file_ref idref="fl-2"/>
      </object_component>
      <object_component id="oc-9c">
         <name>.debug_line</name>
         <load_address>0x3a1</load_address>
         <run_address>0x3a1</run_address>
         <size>0x6b</size>
         <input_file_ref idref="fl-2"/>
      </object_component>
      <object_component id="oc-107">
         <name>.debug_line</name>
         <load_address>0x40c</load_address>
         <run_address>0x40c</run_address>
         <size>0x66</size>
         <input_file_ref idref="fl-2"/>
      </object_component>
      <object_component id="oc-90">
         <name>.debug_line</name>
         <load_address>0x472</load_address>
         <run_address>0x472</run_address>
         <size>0x72</size>
         <input_file_ref idref="fl-2"/>
      </object_component>
      <object_component id="oc-111">
         <name>.debug_line</name>
         <load_address>0x4e4</load_address>
         <run_address>0x4e4</run_address>
         <size>0x5f</size>
         <input_file_ref idref="fl-2"/>
      </object_component>
      <object_component id="oc-93">
         <name>.debug_line</name>
         <load_address>0x543</load_address>
         <run_address>0x543</run_address>
         <size>0x41</size>
         <input_file_ref idref="fl-3"/>
      </object_component>
      <object_component id="oc-36">
         <name>.debug_line</name>
         <load_address>0x584</load_address>
         <run_address>0x584</run_address>
         <size>0x41</size>
         <input_file_ref idref="fl-3"/>
      </object_component>
      <object_component id="oc-29">
         <name>.debug_line</name>
         <load_address>0x5c5</load_address>
         <run_address>0x5c5</run_address>
         <size>0xa1</size>
         <input_file_ref idref="fl-3"/>
      </object_component>
      <object_component id="oc-12f">
         <name>.debug_line</name>
         <load_address>0x666</load_address>
         <run_address>0x666</run_address>
         <size>0x145</size>
         <input_file_ref idref="fl-4"/>
      </object_component>
      <object_component id="oc-211">
         <name>.debug_line</name>
         <load_address>0x7ab</load_address>
         <run_address>0x7ab</run_address>
         <size>0x20</size>
         <input_file_ref idref="fl-4"/>
      </object_component>
      <object_component id="oc-1e9">
         <name>.debug_line</name>
         <load_address>0x7cb</load_address>
         <run_address>0x7cb</run_address>
         <size>0x20</size>
         <input_file_ref idref="fl-5"/>
      </object_component>
      <object_component id="oc-10c">
         <name>.debug_line</name>
         <load_address>0x7eb</load_address>
         <run_address>0x7eb</run_address>
         <size>0x5f</size>
         <input_file_ref idref="fl-5"/>
      </object_component>
      <object_component id="oc-1ed">
         <name>.debug_line</name>
         <load_address>0x84a</load_address>
         <run_address>0x84a</run_address>
         <size>0x63</size>
         <input_file_ref idref="fl-5"/>
      </object_component>
      <object_component id="oc-241">
         <name>.debug_line</name>
         <load_address>0x8ad</load_address>
         <run_address>0x8ad</run_address>
         <size>0x133</size>
         <input_file_ref idref="fl-6"/>
      </object_component>
      <object_component id="oc-183">
         <name>.debug_line</name>
         <load_address>0x9e0</load_address>
         <run_address>0x9e0</run_address>
         <size>0x66</size>
         <input_file_ref idref="fl-6"/>
      </object_component>
      <object_component id="oc-18d">
         <name>.debug_line</name>
         <load_address>0xa46</load_address>
         <run_address>0xa46</run_address>
         <size>0x63</size>
         <input_file_ref idref="fl-6"/>
      </object_component>
      <object_component id="oc-245">
         <name>.debug_line</name>
         <load_address>0xaa9</load_address>
         <run_address>0xaa9</run_address>
         <size>0x3e</size>
         <input_file_ref idref="fl-6"/>
      </object_component>
      <object_component id="oc-24a">
         <name>.debug_line</name>
         <load_address>0xae7</load_address>
         <run_address>0xae7</run_address>
         <size>0x67</size>
         <input_file_ref idref="fl-6"/>
      </object_component>
      <object_component id="oc-17e">
         <name>.debug_line</name>
         <load_address>0xb4e</load_address>
         <run_address>0xb4e</run_address>
         <size>0x61</size>
         <input_file_ref idref="fl-6"/>
      </object_component>
      <object_component id="oc-1e5">
         <name>.debug_line</name>
         <load_address>0xbaf</load_address>
         <run_address>0xbaf</run_address>
         <size>0x5f</size>
         <input_file_ref idref="fl-7"/>
      </object_component>
      <object_component id="oc-1e3">
         <name>.debug_line</name>
         <load_address>0xc0e</load_address>
         <run_address>0xc0e</run_address>
         <size>0x38</size>
         <input_file_ref idref="fl-7"/>
      </object_component>
      <object_component id="oc-1e1">
         <name>.debug_line</name>
         <load_address>0xc46</load_address>
         <run_address>0xc46</run_address>
         <size>0x38</size>
         <input_file_ref idref="fl-7"/>
      </object_component>
      <object_component id="oc-dd">
         <name>.debug_line</name>
         <load_address>0xc7e</load_address>
         <run_address>0xc7e</run_address>
         <size>0xc4</size>
         <input_file_ref idref="fl-7"/>
      </object_component>
      <object_component id="oc-1e7">
         <name>.debug_line</name>
         <load_address>0xd42</load_address>
         <run_address>0xd42</run_address>
         <size>0x20</size>
         <input_file_ref idref="fl-8"/>
      </object_component>
      <object_component id="oc-e2">
         <name>.debug_line</name>
         <load_address>0xd62</load_address>
         <run_address>0xd62</run_address>
         <size>0xed</size>
         <input_file_ref idref="fl-8"/>
      </object_component>
      <object_component id="oc-128">
         <name>.debug_line</name>
         <load_address>0xe4f</load_address>
         <run_address>0xe4f</run_address>
         <size>0x66</size>
         <input_file_ref idref="fl-a"/>
      </object_component>
      <object_component id="oc-17a">
         <name>.debug_line</name>
         <load_address>0xeb5</load_address>
         <run_address>0xeb5</run_address>
         <size>0x13a</size>
         <input_file_ref idref="fl-b"/>
      </object_component>
      <object_component id="oc-d2">
         <name>.debug_line</name>
         <load_address>0xfef</load_address>
         <run_address>0xfef</run_address>
         <size>0x37</size>
         <input_file_ref idref="fl-b"/>
      </object_component>
      <object_component id="oc-19a">
         <name>.debug_line</name>
         <load_address>0x1026</load_address>
         <run_address>0x1026</run_address>
         <size>0x37</size>
         <input_file_ref idref="fl-b"/>
      </object_component>
      <object_component id="oc-1a6">
         <name>.debug_line</name>
         <load_address>0x105d</load_address>
         <run_address>0x105d</run_address>
         <size>0x37</size>
         <input_file_ref idref="fl-b"/>
      </object_component>
      <object_component id="oc-1a8">
         <name>.debug_line</name>
         <load_address>0x1094</load_address>
         <run_address>0x1094</run_address>
         <size>0x37</size>
         <input_file_ref idref="fl-b"/>
      </object_component>
      <object_component id="oc-19e">
         <name>.debug_line</name>
         <load_address>0x10cb</load_address>
         <run_address>0x10cb</run_address>
         <size>0x37</size>
         <input_file_ref idref="fl-b"/>
      </object_component>
      <object_component id="oc-1a2">
         <name>.debug_line</name>
         <load_address>0x1102</load_address>
         <run_address>0x1102</run_address>
         <size>0x37</size>
         <input_file_ref idref="fl-b"/>
      </object_component>
      <object_component id="oc-19c">
         <name>.debug_line</name>
         <load_address>0x1139</load_address>
         <run_address>0x1139</run_address>
         <size>0x37</size>
         <input_file_ref idref="fl-b"/>
      </object_component>
      <object_component id="oc-1a0">
         <name>.debug_line</name>
         <load_address>0x1170</load_address>
         <run_address>0x1170</run_address>
         <size>0x37</size>
         <input_file_ref idref="fl-b"/>
      </object_component>
      <object_component id="oc-1a4">
         <name>.debug_line</name>
         <load_address>0x11a7</load_address>
         <run_address>0x11a7</run_address>
         <size>0x37</size>
         <input_file_ref idref="fl-b"/>
      </object_component>
      <object_component id="oc-7e">
         <name>.debug_line</name>
         <load_address>0x11de</load_address>
         <run_address>0x11de</run_address>
         <size>0xed6</size>
         <input_file_ref idref="fl-b"/>
      </object_component>
      <object_component id="oc-d7">
         <name>.debug_line</name>
         <load_address>0x20b4</load_address>
         <run_address>0x20b4</run_address>
         <size>0x5f</size>
         <input_file_ref idref="fl-b"/>
      </object_component>
      <object_component id="oc-188">
         <name>.debug_line</name>
         <load_address>0x2113</load_address>
         <run_address>0x2113</run_address>
         <size>0x37</size>
         <input_file_ref idref="fl-b"/>
      </object_component>
      <object_component id="oc-103">
         <name>.debug_line</name>
         <load_address>0x214a</load_address>
         <run_address>0x214a</run_address>
         <size>0x8b</size>
         <input_file_ref idref="fl-d"/>
      </object_component>
      <object_component id="oc-da">
         <name>.debug_line</name>
         <load_address>0x21d5</load_address>
         <run_address>0x21d5</run_address>
         <size>0x4c</size>
         <input_file_ref idref="fl-d"/>
      </object_component>
      <object_component id="oc-101">
         <name>.debug_line</name>
         <load_address>0x2221</load_address>
         <run_address>0x2221</run_address>
         <size>0x4c</size>
         <input_file_ref idref="fl-d"/>
      </object_component>
      <object_component id="oc-33">
         <name>.debug_line</name>
         <load_address>0x226d</load_address>
         <run_address>0x226d</run_address>
         <size>0x14e</size>
         <input_file_ref idref="fl-d"/>
      </object_component>
      <object_component id="oc-2e">
         <name>.debug_line</name>
         <load_address>0x23bb</load_address>
         <run_address>0x23bb</run_address>
         <size>0xe1</size>
         <input_file_ref idref="fl-e"/>
      </object_component>
      <object_component id="oc-138">
         <name>.debug_line</name>
         <load_address>0x249c</load_address>
         <run_address>0x249c</run_address>
         <size>0x50</size>
         <input_file_ref idref="fl-f"/>
      </object_component>
      <object_component id="oc-1fc">
         <name>.debug_line</name>
         <load_address>0x24ec</load_address>
         <run_address>0x24ec</run_address>
         <size>0xeb</size>
         <input_file_ref idref="fl-14"/>
      </object_component>
      <object_component id="oc-279">
         <name>.debug_line</name>
         <load_address>0x25d7</load_address>
         <run_address>0x25d7</run_address>
         <size>0x6f</size>
         <input_file_ref idref="fl-1d"/>
      </object_component>
      <object_component id="oc-273">
         <name>.debug_line</name>
         <load_address>0x2646</load_address>
         <run_address>0x2646</run_address>
         <size>0x49</size>
         <input_file_ref idref="fl-1d"/>
      </object_component>
      <object_component id="oc-275">
         <name>.debug_line</name>
         <load_address>0x268f</load_address>
         <run_address>0x268f</run_address>
         <size>0x49</size>
         <input_file_ref idref="fl-1d"/>
      </object_component>
      <object_component id="oc-277">
         <name>.debug_line</name>
         <load_address>0x26d8</load_address>
         <run_address>0x26d8</run_address>
         <size>0x49</size>
         <input_file_ref idref="fl-1d"/>
      </object_component>
      <object_component id="oc-1bb">
         <name>.debug_line</name>
         <load_address>0x2721</load_address>
         <run_address>0x2721</run_address>
         <size>0x66f</size>
         <input_file_ref idref="fl-1d"/>
      </object_component>
      <object_component id="oc-298">
         <name>.debug_line</name>
         <load_address>0x2d90</load_address>
         <run_address>0x2d90</run_address>
         <size>0x69</size>
         <input_file_ref idref="fl-20"/>
      </object_component>
      <object_component id="oc-28c">
         <name>.debug_line</name>
         <load_address>0x2df9</load_address>
         <run_address>0x2df9</run_address>
         <size>0x4e</size>
         <input_file_ref idref="fl-20"/>
      </object_component>
      <object_component id="oc-28e">
         <name>.debug_line</name>
         <load_address>0x2e47</load_address>
         <run_address>0x2e47</run_address>
         <size>0x4e</size>
         <input_file_ref idref="fl-20"/>
      </object_component>
      <object_component id="oc-290">
         <name>.debug_line</name>
         <load_address>0x2e95</load_address>
         <run_address>0x2e95</run_address>
         <size>0x4e</size>
         <input_file_ref idref="fl-20"/>
      </object_component>
      <object_component id="oc-292">
         <name>.debug_line</name>
         <load_address>0x2ee3</load_address>
         <run_address>0x2ee3</run_address>
         <size>0x4e</size>
         <input_file_ref idref="fl-20"/>
      </object_component>
      <object_component id="oc-294">
         <name>.debug_line</name>
         <load_address>0x2f31</load_address>
         <run_address>0x2f31</run_address>
         <size>0x4e</size>
         <input_file_ref idref="fl-20"/>
      </object_component>
      <object_component id="oc-296">
         <name>.debug_line</name>
         <load_address>0x2f7f</load_address>
         <run_address>0x2f7f</run_address>
         <size>0x4e</size>
         <input_file_ref idref="fl-20"/>
      </object_component>
      <object_component id="oc-28a">
         <name>.debug_line</name>
         <load_address>0x2fcd</load_address>
         <run_address>0x2fcd</run_address>
         <size>0x4e</size>
         <input_file_ref idref="fl-20"/>
      </object_component>
      <object_component id="oc-1f7">
         <name>.debug_line</name>
         <load_address>0x301b</load_address>
         <run_address>0x301b</run_address>
         <size>0x2ff</size>
         <input_file_ref idref="fl-20"/>
      </object_component>
      <object_component id="oc-26d">
         <name>.debug_line</name>
         <load_address>0x331a</load_address>
         <run_address>0x331a</run_address>
         <size>0x104</size>
         <input_file_ref idref="fl-29"/>
      </object_component>
      <object_component id="oc-267">
         <name>.debug_line</name>
         <load_address>0x341e</load_address>
         <run_address>0x341e</run_address>
         <size>0x4b</size>
         <input_file_ref idref="fl-29"/>
      </object_component>
      <object_component id="oc-26b">
         <name>.debug_line</name>
         <load_address>0x3469</load_address>
         <run_address>0x3469</run_address>
         <size>0x4b</size>
         <input_file_ref idref="fl-29"/>
      </object_component>
      <object_component id="oc-24d">
         <name>.debug_line</name>
         <load_address>0x34b4</load_address>
         <run_address>0x34b4</run_address>
         <size>0x4b</size>
         <input_file_ref idref="fl-29"/>
      </object_component>
      <object_component id="oc-269">
         <name>.debug_line</name>
         <load_address>0x34ff</load_address>
         <run_address>0x34ff</run_address>
         <size>0x4b</size>
         <input_file_ref idref="fl-29"/>
      </object_component>
      <object_component id="oc-1b2">
         <name>.debug_line</name>
         <load_address>0x354a</load_address>
         <run_address>0x354a</run_address>
         <size>0x9c2</size>
         <input_file_ref idref="fl-29"/>
      </object_component>
      <object_component id="oc-270">
         <name>.debug_line</name>
         <load_address>0x3f0c</load_address>
         <run_address>0x3f0c</run_address>
         <size>0x4b</size>
         <input_file_ref idref="fl-29"/>
      </object_component>
      <object_component id="oc-44">
         <name>.debug_line</name>
         <load_address>0x3f57</load_address>
         <run_address>0x3f57</run_address>
         <size>0x88</size>
         <input_file_ref idref="fl-ef"/>
      </object_component>
      <object_component id="oc-b7">
         <name>.debug_line</name>
         <load_address>0x3fdf</load_address>
         <run_address>0x3fdf</run_address>
         <size>0x79</size>
         <input_file_ref idref="fl-f0"/>
      </object_component>
      <object_component id="oc-12b">
         <name>.debug_line</name>
         <load_address>0x4058</load_address>
         <run_address>0x4058</run_address>
         <size>0xa6</size>
         <input_file_ref idref="fl-f1"/>
      </object_component>
      <object_component id="oc-59">
         <name>.debug_line</name>
         <load_address>0x40fe</load_address>
         <run_address>0x40fe</run_address>
         <size>0x4f</size>
         <input_file_ref idref="fl-f1"/>
      </object_component>
      <object_component id="oc-b0">
         <name>.debug_line</name>
         <load_address>0x414d</load_address>
         <run_address>0x414d</run_address>
         <size>0x34</size>
         <input_file_ref idref="fl-f1"/>
      </object_component>
      <object_component id="oc-ab">
         <name>.debug_line</name>
         <load_address>0x4181</load_address>
         <run_address>0x4181</run_address>
         <size>0x20</size>
         <input_file_ref idref="fl-f2"/>
      </object_component>
      <object_component id="oc-1c">
         <name>.debug_line</name>
         <load_address>0x41a1</load_address>
         <run_address>0x41a1</run_address>
         <size>0x55</size>
         <input_file_ref idref="fl-f2"/>
      </object_component>
      <object_component id="oc-4c">
         <name>.debug_line</name>
         <load_address>0x41f6</load_address>
         <run_address>0x41f6</run_address>
         <size>0x3a</size>
         <input_file_ref idref="fl-f2"/>
      </object_component>
      <object_component id="oc-a8">
         <name>.debug_line</name>
         <load_address>0x4230</load_address>
         <run_address>0x4230</run_address>
         <size>0x92</size>
         <input_file_ref idref="fl-f2"/>
      </object_component>
      <object_component id="oc-124">
         <name>.debug_line</name>
         <load_address>0x42c2</load_address>
         <run_address>0x42c2</run_address>
         <size>0x20</size>
         <input_file_ref idref="fl-f3"/>
      </object_component>
      <object_component id="oc-17">
         <name>.debug_line</name>
         <load_address>0x42e2</load_address>
         <run_address>0x42e2</run_address>
         <size>0xa9</size>
         <input_file_ref idref="fl-f3"/>
      </object_component>
      <object_component id="oc-3c">
         <name>.debug_line</name>
         <load_address>0x438b</load_address>
         <run_address>0x438b</run_address>
         <size>0x3a</size>
         <input_file_ref idref="fl-f3"/>
      </object_component>
      <object_component id="oc-121">
         <name>.debug_line</name>
         <load_address>0x43c5</load_address>
         <run_address>0x43c5</run_address>
         <size>0x9a</size>
         <input_file_ref idref="fl-f3"/>
      </object_component>
      <object_component id="oc-a1">
         <name>.debug_line</name>
         <load_address>0x445f</load_address>
         <run_address>0x445f</run_address>
         <size>0x96</size>
         <input_file_ref idref="fl-f3"/>
      </object_component>
      <object_component id="oc-74">
         <name>.debug_line</name>
         <load_address>0x44f5</load_address>
         <run_address>0x44f5</run_address>
         <size>0x33</size>
         <input_file_ref idref="fl-f4"/>
      </object_component>
      <object_component id="oc-65">
         <name>.debug_line</name>
         <load_address>0x4528</load_address>
         <run_address>0x4528</run_address>
         <size>0x56</size>
         <input_file_ref idref="fl-f4"/>
      </object_component>
      <object_component id="oc-22e">
         <name>.debug_line</name>
         <load_address>0x457e</load_address>
         <run_address>0x457e</run_address>
         <size>0xbf</size>
         <input_file_ref idref="fl-f5"/>
      </object_component>
      <object_component id="oc-14b">
         <name>.debug_line</name>
         <load_address>0x463d</load_address>
         <run_address>0x463d</run_address>
         <size>0x6c</size>
         <input_file_ref idref="fl-f5"/>
      </object_component>
      <object_component id="oc-232">
         <name>.debug_line</name>
         <load_address>0x46a9</load_address>
         <run_address>0x46a9</run_address>
         <size>0x2e</size>
         <input_file_ref idref="fl-f5"/>
      </object_component>
      <object_component id="oc-280">
         <name>.debug_line</name>
         <load_address>0x46d7</load_address>
         <run_address>0x46d7</run_address>
         <size>0x9a</size>
         <input_file_ref idref="fl-f5"/>
      </object_component>
      <object_component id="oc-237">
         <name>.debug_line</name>
         <load_address>0x4771</load_address>
         <run_address>0x4771</run_address>
         <size>0x97</size>
         <input_file_ref idref="fl-f5"/>
      </object_component>
      <object_component id="oc-23c">
         <name>.debug_line</name>
         <load_address>0x4808</load_address>
         <run_address>0x4808</run_address>
         <size>0x93</size>
         <input_file_ref idref="fl-f5"/>
      </object_component>
      <object_component id="oc-bb">
         <name>.debug_line</name>
         <load_address>0x489b</load_address>
         <run_address>0x489b</run_address>
         <size>0x40</size>
         <input_file_ref idref="fl-f6"/>
      </object_component>
      <object_component id="oc-13f">
         <name>.debug_line</name>
         <load_address>0x48db</load_address>
         <run_address>0x48db</run_address>
         <size>0x3c</size>
         <input_file_ref idref="fl-f8"/>
      </object_component>
      <object_component id="oc-c3">
         <name>.debug_frame</name>
         <load_address>0x0</load_address>
         <run_address>0x0</run_address>
         <size>0x5c</size>
         <input_file_ref idref="fl-2"/>
      </object_component>
      <object_component id="oc-28">
         <name>.debug_frame</name>
         <load_address>0x5c</load_address>
         <run_address>0x5c</run_address>
         <size>0x90</size>
         <input_file_ref idref="fl-3"/>
      </object_component>
      <object_component id="oc-133">
         <name>.debug_frame</name>
         <load_address>0xec</load_address>
         <run_address>0xec</run_address>
         <size>0x130</size>
         <input_file_ref idref="fl-4"/>
      </object_component>
      <object_component id="oc-e0">
         <name>.debug_frame</name>
         <load_address>0x21c</load_address>
         <run_address>0x21c</run_address>
         <size>0xa0</size>
         <input_file_ref idref="fl-7"/>
      </object_component>
      <object_component id="oc-e6">
         <name>.debug_frame</name>
         <load_address>0x2bc</load_address>
         <run_address>0x2bc</run_address>
         <size>0xb8</size>
         <input_file_ref idref="fl-8"/>
      </object_component>
      <object_component id="oc-81">
         <name>.debug_frame</name>
         <load_address>0x374</load_address>
         <run_address>0x374</run_address>
         <size>0x6b8</size>
         <input_file_ref idref="fl-b"/>
      </object_component>
      <object_component id="oc-34">
         <name>.debug_frame</name>
         <load_address>0xa2c</load_address>
         <run_address>0xa2c</run_address>
         <size>0xec</size>
         <input_file_ref idref="fl-d"/>
      </object_component>
      <object_component id="oc-139">
         <name>.debug_frame</name>
         <load_address>0xb18</load_address>
         <run_address>0xb18</run_address>
         <size>0x58</size>
         <input_file_ref idref="fl-f"/>
      </object_component>
      <object_component id="oc-1fd">
         <name>.debug_frame</name>
         <load_address>0xb70</load_address>
         <run_address>0xb70</run_address>
         <size>0xbc</size>
         <input_file_ref idref="fl-14"/>
      </object_component>
      <object_component id="oc-1bc">
         <name>.debug_frame</name>
         <load_address>0xc2c</load_address>
         <run_address>0xc2c</run_address>
[...]
         <name>GPIOPinTypeComparatorOutput</name>
         <value>0x32ef</value>
         <object_component_ref idref="oc-1b7"/>
      </symbol>
      <symbol id="sm-498">
         <name>GPIOPadConfigGet</name>
         <value>0x2fdb</value>
         <object_component_ref idref="oc-1b7"/>
      </symbol>
      <symbol id="sm-499">
         <name>GPIOPinTypeOneWire</name>
         <value>0x34a5</value>
         <object_component_ref idref="oc-1b7"/>
      </symbol>
      <symbol id="sm-49a">
         <name>GPIOIntClear</name>
         <value>0x31ad</value>
         <object_component_ref idref="oc-1b7"/>
      </symbol>
      <symbol id="sm-49b">
         <name>GPIOADCTriggerEnable</name>
         <value>0x36df</value>
         <object_component_ref idref="oc-1b7"/>
      </symbol>
      <symbol id="sm-49c">
         <name>GPIOADCTriggerDisable</name>
         <value>0x36fd</value>
         <object_component_ref idref="oc-1b7"/>
      </symbol>
      <symbol id="sm-49d">
         <name>GPIOPinTypeUART</name>
         <value>0x357d</value>
         <object_component_ref idref="oc-1b7"/>
      </symbol>
      <symbol id="sm-49e">
         <name>GPIOIntRegisterPin</name>
         <value>0x31f9</value>
         <object_component_ref idref="oc-1b7"/>
      </symbol>
      <symbol id="sm-49f">
         <name>GPIOIntStatus</name>
         <value>0x318b</value>
         <object_component_ref idref="oc-1b7"/>
      </symbol>
      <symbol id="sm-4a0">
         <name>GPIOPinTypeDIVSCLK</name>
         <value>0x3313</value>
         <object_component_ref idref="oc-1b7"/>
      </symbol>
      <symbol id="sm-4a1">
         <name>GPIOPinTypeGPIOOutput</name>
         <value>0x33c7</value>
         <object_component_ref idref="oc-1b7"/>
      </symbol>
      <symbol id="sm-4a2">
         <name>GPIOIntTypeGet</name>
         <value>0x2ce3</value>
         <object_component_ref idref="oc-1b7"/>
      </symbol>
      <symbol id="sm-4a3">
         <name>GPIOPinRead</name>
         <value>0x324b</value>
         <object_component_ref idref="oc-1b7"/>
      </symbol>
      <symbol id="sm-4a4">
         <name>GPIODirModeSet</name>
         <value>0x2b97</value>
         <object_component_ref idref="oc-1b7"/>
      </symbol>
      <symbol id="sm-4a5">
         <name>GPIOPinTypeQEI</name>
         <value>0x34ed</value>
         <object_component_ref idref="oc-1b7"/>
      </symbol>
      <symbol id="sm-4a6">
         <name>GPIOPinTypeHibernateRTCCLK</name>
         <value>0x3415</value>
         <object_component_ref idref="oc-1b7"/>
      </symbol>
      <symbol id="sm-4a7">
         <name>GPIODMATriggerEnable</name>
         <value>0x36a3</value>
         <object_component_ref idref="oc-1b7"/>
      </symbol>
      <symbol id="sm-4a8">
         <name>GPIOPinTypeEthernetMII</name>
         <value>0x337f</value>
         <object_component_ref idref="oc-1b7"/>
      </symbol>
      <symbol id="sm-4a9">
         <name>GPIOPinWrite</name>
         <value>0x3263</value>
         <object_component_ref idref="oc-1b7"/>
      </symbol>
      <symbol id="sm-4aa">
         <name>GPIOPadConfigSet</name>
         <value>0x2d6d</value>
         <object_component_ref idref="oc-1b7"/>
      </symbol>
      <symbol id="sm-4ab">
         <name>GPIOPinTypeLCD</name>
         <value>0x3481</value>
         <object_component_ref idref="oc-1b7"/>
      </symbol>
      <symbol id="sm-4ac">
         <name>GPIOPinTypeSSI</name>
         <value>0x3511</value>
         <object_component_ref idref="oc-1b7"/>
      </symbol>
      <symbol id="sm-4ad">
         <name>GPIOPinTypeTimer</name>
         <value>0x3535</value>
         <object_component_ref idref="oc-1b7"/>
      </symbol>
      <symbol id="sm-4ae">
         <name>GPIOPinTypeCAN</name>
         <value>0x32a7</value>
         <object_component_ref idref="oc-1b7"/>
      </symbol>
      <symbol id="sm-4af">
         <name>GPIOPinTypeEPI</name>
         <value>0x3337</value>
         <object_component_ref idref="oc-1b7"/>
      </symbol>
      <symbol id="sm-4b0">
         <name>GPIOPinTypeEthernetLED</name>
         <value>0x335b</value>
         <object_component_ref idref="oc-1b7"/>
      </symbol>
      <symbol id="sm-4b1">
         <name>GPIOUnlockPin</name>
         <value>0x371b</value>
         <object_component_ref idref="oc-1b7"/>
      </symbol>
      <symbol id="sm-4b2">
         <name>GPIOPinWakeStatus</name>
         <value>0x3635</value>
         <object_component_ref idref="oc-1b7"/>
      </symbol>
      <symbol id="sm-531">
         <name>IntPendClear</name>
         <value>0x3a75</value>
         <object_component_ref idref="oc-1f2"/>
      </symbol>
      <symbol id="sm-532">
         <name>IntPriorityGroupingGet</name>
         <value>0x37ef</value>
         <object_component_ref idref="oc-1f2"/>
      </symbol>
      <symbol id="sm-533">
         <name>IntPrioritySet</name>
         <value>0x3827</value>
         <object_component_ref idref="oc-1f2"/>
      </symbol>
      <symbol id="sm-534">
         <name>IntIsEnabled</name>
         <value>0x397f</value>
         <object_component_ref idref="oc-1f2"/>
      </symbol>
      <symbol id="sm-535">
         <name>IntEnable</name>
         <value>0x389b</value>
         <object_component_ref idref="oc-1f2"/>
      </symbol>
      <symbol id="sm-536">
         <name>IntTrigger</name>
         <value>0x3ad7</value>
         <object_component_ref idref="oc-1f2"/>
      </symbol>
      <symbol id="sm-537">
         <name>IntPriorityMaskSet</name>
         <value>0x3ac3</value>
         <object_component_ref idref="oc-1f2"/>
      </symbol>
      <symbol id="sm-538">
         <name>IntPriorityGroupingSet</name>
         <value>0x37d5</value>
         <object_component_ref idref="oc-1f2"/>
      </symbol>
      <symbol id="sm-539">
         <name>IntDisable</name>
         <value>0x390d</value>
         <object_component_ref idref="oc-1f2"/>
      </symbol>
      <symbol id="sm-53a">
         <name>IntRegister</name>
         <value>0x376f</value>
         <object_component_ref idref="oc-1f2"/>
      </symbol>
      <symbol id="sm-53b">
         <name>IntPriorityGet</name>
         <value>0x3877</value>
         <object_component_ref idref="oc-1f2"/>
      </symbol>
      <symbol id="sm-53c">
         <name>IntMasterDisable</name>
         <value>0x375f</value>
         <object_component_ref idref="oc-1f2"/>
      </symbol>
      <symbol id="sm-53d">
         <name>IntUnregister</name>
         <value>0x37c1</value>
         <object_component_ref idref="oc-1f2"/>
      </symbol>
      <symbol id="sm-53e">
         <name>IntPriorityMaskGet</name>
         <value>0x3acf</value>
         <object_component_ref idref="oc-1f2"/>
      </symbol>
      <symbol id="sm-53f">
         <name>g_pfnRAMVectors</name>
         <value>0x20000000</value>
         <object_component_ref idref="oc-24e"/>
      </symbol>
      <symbol id="sm-540">
         <name>IntMasterEnable</name>
         <value>0x374f</value>
         <object_component_ref idref="oc-1f2"/>
      </symbol>
      <symbol id="sm-541">
         <name>IntPendSet</name>
         <value>0x3a05</value>
         <object_component_ref idref="oc-1f2"/>
      </symbol>
      <symbol id="sm-68a">
         <name>SysCtlGPIOAHBEnable</name>
         <value>0x2963</value>
         <object_component_ref idref="oc-1b1"/>
      </symbol>
      <symbol id="sm-68b">
         <name>SysCtlIntRegister</name>
         <value>0x2041</value>
         <object_component_ref idref="oc-1b1"/>
      </symbol>
      <symbol id="sm-68c">
         <name>SysCtlFlashSizeGet</name>
         <value>0x1c83</value>
         <object_component_ref idref="oc-1b1"/>
      </symbol>
      <symbol id="sm-68d">
         <name>SysCtlPeripheralDeepSleepEnable</name>
         <value>0x1f55</value>
         <object_component_ref idref="oc-1b1"/>
      </symbol>
      <symbol id="sm-68e">
         <name>SysCtlLDODeepSleepGet</name>
         <value>0x20e7</value>
         <object_component_ref idref="oc-1b1"/>
      </symbol>
      <symbol id="sm-68f">
         <name>SysCtlFlashSectorSizeGet</name>
         <value>0x1caf</value>
         <object_component_ref idref="oc-1b1"/>
      </symbol>
      <symbol id="sm-690">
         <name>SysCtlIntDisable</name>
         <value>0x207d</value>
         <object_component_ref idref="oc-1b1"/>
      </symbol>
      <symbol id="sm-691">
         <name>SysCtlResetBehaviorGet</name>
         <value>0x21cd</value>
         <object_component_ref idref="oc-1b1"/>
      </symbol>
      <symbol id="sm-692">
         <name>SysCtlPeripheralPresent</name>
         <value>0x1cd5</value>
         <object_component_ref idref="oc-1b1"/>
      </symbol>
      <symbol id="sm-693">
         <name>SysCtlDeepSleepClockSet</name>
         <value>0x288b</value>
         <object_component_ref idref="oc-1b1"/>
      </symbol>
      <symbol id="sm-694">
         <name>SysCtlClockSet</name>
         <value>0x2515</value>
         <object_component_ref idref="oc-1b1"/>
      </symbol>
      <symbol id="sm-695">
         <name>SysCtlAltClkConfig</name>
         <value>0x2af5</value>
         <object_component_ref idref="oc-1b1"/>
      </symbol>
      <symbol id="sm-696">
         <name>SysCtlPeripheralClockGating</name>
         <value>0x1fed</value>
         <object_component_ref idref="oc-1b1"/>
      </symbol>
      <symbol id="sm-697">
         <name>SysCtlIntStatus</name>
         <value>0x20a5</value>
         <object_component_ref idref="oc-1b1"/>
      </symbol>
      <symbol id="sm-698">
         <name>SysCtlIntClear</name>
         <value>0x2095</value>
         <object_component_ref idref="oc-1b1"/>
      </symbol>
      <symbol id="sm-699">
         <name>SysCtlVoltageEventStatus</name>
         <value>0x29c9</value>
         <object_component_ref idref="oc-1b1"/>
      </symbol>
      <symbol id="sm-69a">
         <name>SysCtlVoltageEventConfig</name>
         <value>0x29b9</value>
         <object_component_ref idref="oc-1b1"/>
      </symbol>
      <symbol id="sm-69b">
         <name>SysCtlResetCauseGet</name>
         <value>0x213d</value>
         <object_component_ref idref="oc-1b1"/>
      </symbol>
      <symbol id="sm-69c">
         <name>SysCtlSleep</name>
         <value>0x2119</value>
         <object_component_ref idref="oc-1b1"/>
      </symbol>
      <symbol id="sm-69d">
         <name>SysCtlPWMClockGet</name>
         <value>0x294d</value>
         <object_component_ref idref="oc-1b1"/>
      </symbol>
      <symbol id="sm-69e">
         <name>SysCtlDeepSleepPowerSet</name>
         <value>0x2101</value>
         <object_component_ref idref="oc-1b1"/>
      </symbol>
      <symbol id="sm-69f">
         <name>SysCtlClockOutConfig</name>
         <value>0x2ad9</value>
         <object_component_ref idref="oc-1b1"/>
      </symbol>
      <symbol id="sm-6a0">
         <name>SysCtlNMIStatus</name>
         <value>0x2aa9</value>
         <object_component_ref idref="oc-1b1"/>
      </symbol>
      <symbol id="sm-6a1">
         <name>SysCtlDeepSleepClockConfigSet</name>
         <value>0x28a9</value>
         <object_component_ref idref="oc-1b1"/>
      </symbol>
      <symbol id="sm-6a2">
         <name>SysCtlDelay</name>
         <value>0x425d</value>
         <object_component_ref idref="oc-207"/>
      </symbol>
      <symbol id="sm-6a3">
         <name>SysCtlVoltageEventClear</name>
         <value>0x29d5</value>
         <object_component_ref idref="oc-1b1"/>
      </symbol>
      <symbol id="sm-6a4">
         <name>SysCtlLDOSleepSet</name>
         <value>0x20c1</value>
         <object_component_ref idref="oc-1b1"/>
      </symbol>
      <symbol id="sm-6a5">
         <name>SysCtlMOSCConfigSet</name>
         <value>0x2157</value>
         <object_component_ref idref="oc-1b1"/>
      </symbol>
      <symbol id="sm-6a6">
         <name>SysCtlPeripheralEnable</name>
         <value>0x1e55</value>
         <object_component_ref idref="oc-1b1"/>
      </symbol>
      <symbol id="sm-6a7">
         <name>SysCtlIntEnable</name>
         <value>0x2069</value>
         <object_component_ref idref="oc-1b1"/>
      </symbol>
      <symbol id="sm-6a8">
         <name>SysCtlNMIClear</name>
         <value>0x2abd</value>
         <object_component_ref idref="oc-1b1"/>
      </symbol>
      <symbol id="sm-6a9">
         <name>SysCtlPeripheralPowerOff</name>
         <value>0x1d91</value>
         <object_component_ref idref="oc-1b1"/>
      </symbol>
      <symbol id="sm-6aa">
         <name>SysCtlSleepPowerSet</name>
         <value>0x20ed</value>
         <object_component_ref idref="oc-1b1"/>
      </symbol>
      <symbol id="sm-6ab">
         <name>SysCtlDeepSleep</name>
         <value>0x2121</value>
         <object_component_ref idref="oc-1b1"/>
      </symbol>
      <symbol id="sm-6ac">
         <name>SysCtlLDODeepSleepSet</name>
         <value>0x20d7</value>
         <object_component_ref idref="oc-1b1"/>
      </symbol>
      <symbol id="sm-6ad">
         <name>SysCtlPeripheralPowerOn</name>
         <value>0x1d55</value>
         <object_component_ref idref="oc-1b1"/>
      </symbol>
      <symbol id="sm-6ae">
         <name>SysCtlPeripheralDeepSleepDisable</name>
         <value>0x1fa5</value>
         <object_component_ref idref="oc-1b1"/>
      </symbol>
      <symbol id="sm-6af">
         <name>SysCtlPeripheralSleepDisable</name>
         <value>0x1f19</value>
         <object_component_ref idref="oc-1b1"/>
      </symbol>
      <symbol id="sm-6b0">
         <name>SysCtlVCOGet</name>
         <value>0x29ed</value>
         <object_component_ref idref="oc-1b1"/>
      </symbol>
      <symbol id="sm-6b1">
         <name>SysCtlResetBehaviorSet</name>
         <value>0x21bd</value>
         <object_component_ref idref="oc-1b1"/>
      </symbol>
      <symbol id="sm-6b2">
         <name>SysCtlReset</name>
         <value>0x2111</value>
         <object_component_ref idref="oc-1b1"/>
      </symbol>
      <symbol id="sm-6b3">
         <name>SysCtlGPIOAHBDisable</name>
         <value>0x297f</value>
         <object_component_ref idref="oc-1b1"/>
      </symbol>
      <symbol id="sm-6b4">
         <name>SysCtlSRAMSizeGet</name>
         <value>0x1c79</value>
         <object_component_ref idref="oc-1b1"/>
      </symbol>
      <symbol id="sm-6b5">
         <name>SysCtlClockGet</name>
         <value>0x26e5</value>
         <object_component_ref idref="oc-1b1"/>
      </symbol>
      <symbol id="sm-6b6">
         <name>SysCtlPeripheralDisable</name>
         <value>0x1e91</value>
         <object_component_ref idref="oc-1b1"/>
      </symbol>
      <symbol id="sm-6b7">
         <name>SysCtlPWMClockSet</name>
         <value>0x2933</value>
         <object_component_ref idref="oc-1b1"/>
      </symbol>
      <symbol id="sm-6b8">
         <name>SysCtlUSBPLLEnable</name>
         <value>0x299b</value>
         <object_component_ref idref="oc-1b1"/>
      </symbol>
      <symbol id="sm-6b9">
         <name>SysCtlPeripheralSleepEnable</name>
         <value>0x1ed5</value>
         <object_component_ref idref="oc-1b1"/>
      </symbol>
      <symbol id="sm-6ba">
         <name>SysCtlIntUnregister</name>
         <value>0x2059</value>
         <object_component_ref idref="oc-1b1"/>
      </symbol>
      <symbol id="sm-6bb">
         <name>SysCtlUSBPLLDisable</name>
         <value>0x29a7</value>
         <object_component_ref idref="oc-1b1"/>
      </symbol>
      <symbol id="sm-6bc">
         <name>SysCtlPeripheralReady</name>
         <value>0x1d15</value>
         <object_component_ref idref="oc-1b1"/>
      </symbol>
      <symbol id="sm-6bd">
         <name>SysCtlPIOSCCalibrate</name>
         <value>0x216d</value>
         <object_component_ref idref="oc-1b1"/>
      </symbol>
      <symbol id="sm-6be">
         <name>SysCtlResetCauseClear</name>
         <value>0x2143</value>
         <object_component_ref idref="oc-1b1"/>
      </symbol>
      <symbol id="sm-6bf">
         <name>SysCtlLDOSleepGet</name>
         <value>0x20d1</value>
         <object_component_ref idref="oc-1b1"/>
      </symbol>
      <symbol id="sm-6c0">
         <name>SysCtlClockFreqSet</name>
         <value>0x221d</value>
         <object_component_ref idref="oc-1b1"/>
      </symbol>
      <symbol id="sm-6c1">
         <name>SysCtlPeripheralReset</name>
         <value>0x1dcd</value>
         <object_component_ref idref="oc-1b1"/>
      </symbol>
      <symbol id="sm-6e3">
         <name>memcpy</name>
         <value>0x3fb9</value>
         <object_component_ref idref="oc-43"/>
      </symbol>
      <symbol id="sm-6e4">
         <name>__aeabi_memcpy</name>
         <value>0x3fb9</value>
         <object_component_ref idref="oc-43"/>
      </symbol>
      <symbol id="sm-6e5">
         <name>__aeabi_memcpy8</name>
         <value>0x3fb9</value>
         <object_component_ref idref="oc-43"/>
      </symbol>
      <symbol id="sm-6e6">
         <name>__aeabi_memcpy4</name>
         <value>0x3fb9</value>
         <object_component_ref idref="oc-43"/>
      </symbol>
      <symbol id="sm-6f5">
         <name>__aeabi_memset</name>
         <value>0x4057</value>
         <object_component_ref idref="oc-b3"/>
      </symbol>
      <symbol id="sm-6f6">
         <name>memset</name>
         <value>0x405d</value>
         <object_component_ref idref="oc-b3"/>
      </symbol>
      <symbol id="sm-6f7">
         <name>__aeabi_memset8</name>
         <value>0x4057</value>
         <object_component_ref idref="oc-b3"/>
      </symbol>
      <symbol id="sm-6f8">
         <name>__aeabi_memset4</name>
         <value>0x4057</value>
         <object_component_ref idref="oc-b3"/>
      </symbol>
      <symbol id="sm-6f9">
         <name>__aeabi_memclr8</name>
         <value>0x4055</value>
         <object_component_ref idref="oc-b3"/>
      </symbol>
      <symbol id="sm-6fa">
         <name>__aeabi_memclr4</name>
         <value>0x4055</value>
         <object_component_ref idref="oc-b3"/>
      </symbol>
      <symbol id="sm-6fb">
         <name>__aeabi_memclr</name>
         <value>0x4055</value>
         <object_component_ref idref="oc-b3"/>
      </symbol>
      <symbol id="sm-70d">
         <name>__TI_zero_init</name>
         <value>0x4245</value>
         <object_component_ref idref="oc-55"/>
      </symbol>
      <symbol id="sm-724">
         <name>__TI_decompress_none</name>
         <value>0x4229</value>
         <object_component_ref idref="oc-18"/>
      </symbol>
      <symbol id="sm-747">
         <name>__TI_decompress_lzss</name>
         <value>0x40cf</value>
         <object_component_ref idref="oc-12"/>
      </symbol>
      <symbol id="sm-75a">
         <name>__stack</name>
         <value>0x20007948</value>
         <object_component_ref idref="oc-21"/>
      </symbol>
      <symbol id="sm-75b">
         <name>_c_int00_noargs</name>
         <value>0x41bd</value>
         <object_component_ref idref="oc-61"/>
      </symbol>
      <symbol id="sm-783">
         <name>__TI_auto_init_nobinit_nopinit</name>
         <value>0x4139</value>
         <object_component_ref idref="oc-147"/>
      </symbol>
      <symbol id="sm-78d">
         <name>_system_pre_init</name>
         <value>0x4263</value>
         <object_component_ref idref="oc-b9"/>
      </symbol>
      <symbol id="sm-799">
         <name>C$$EXIT</name>
         <value>0x4267</value>
         <object_component_ref idref="oc-13b"/>
      </symbol>
      <symbol id="sm-79a">
         <name>abort</name>
         <value>0x4267</value>
         <object_component_ref idref="oc-13b"/>
      </symbol>
      <symbol id="sm-79d">
         <name>__TI_static_base__</name>
         <value>0x0</value>
      </symbol>
      <symbol id="sm-7a0">
         <name>__mpu_init</name>
         <value>0x0</value>
      </symbol>
      <symbol id="sm-7a1">
         <name>_system_post_cinit</name>
         <value>0x0</value>
      </symbol>
   </symbol_table>
   <title>Link successful</title>
</link_info>
